psql:scripts/supabase_schema.sql:476: NOTICE:  policy "paper_fills_anon_read" for relation "paper_fills" does not exist, skipping
psql:scripts/supabase_schema.sql:481: NOTICE:  policy "settled_markets_anon_read" for relation "settled_markets" does not exist, skipping
psql:scripts/supabase_schema.sql:488: NOTICE:  policy "fill_market_snapshots_anon_read" for relation "fill_market_snapshots" does not exist, skipping
psql:scripts/supabase_schema.sql:498: NOTICE:  policy "ranking_entries_anon_read" for relation "ranking_entries" does not exist, skipping
psql:scripts/supabase_schema.sql:508: NOTICE:  policy "ranking_batches_anon_read" for relation "ranking_batches" does not exist, skipping
psql:scripts/supabase_schema.sql:523: NOTICE:  policy "service_runtime_anon_read" for relation "service_runtime" does not exist, skipping
psql:scripts/supabase_schema.sql:530: NOTICE:  policy "service_config_anon_read" for relation "service_config" does not exist, skipping
psql:scripts/supabase_schema.sql:537: NOTICE:  policy "service_watchlist_anon_read" for relation "service_watchlist" does not exist, skipping
psql:scripts/supabase_paper_state_schema.sql:338: NOTICE:  policy "paper_bankroll_anon_read" for relation "paper_bankroll" does not exist, skipping
psql:scripts/supabase_paper_state_schema.sql:343: NOTICE:  policy "paper_positions_anon_read" for relation "paper_positions" does not exist, skipping
psql:scripts/supabase_wallet_live_stats_mv.sql:44: NOTICE:  pg_cron not available; refresh wallet_live_stats_mv externally
psql:scripts/supabase_multi_account_live_schema.sql:187: NOTICE:  trigger "accounts_identity_immutable" for relation "public.accounts" does not exist, skipping
psql:scripts/supabase_multi_account_live_schema.sql:207: NOTICE:  trigger "account_events_append_only" for relation "public.account_events" does not exist, skipping
psql:scripts/supabase_multi_account_live_schema.sql:63: NOTICE:  relation "accounts" already exists, skipping
psql:scripts/supabase_multi_account_live_schema.sql:69: NOTICE:  relation "accounts_one_primary_idx" already exists, skipping
psql:scripts/supabase_multi_account_live_schema.sql:75: NOTICE:  relation "accounts_login_email_idx" already exists, skipping
psql:scripts/supabase_multi_account_live_schema.sql:88: NOTICE:  relation "account_credentials" already exists, skipping
psql:scripts/supabase_multi_account_live_schema.sql:115: NOTICE:  relation "account_events" already exists, skipping
psql:scripts/supabase_multi_account_live_schema.sql:118: NOTICE:  relation "account_events_account_created_idx" already exists, skipping
psql:scripts/supabase_multi_account_live_schema.sql:138: NOTICE:  relation "live_fills" already exists, skipping
psql:scripts/supabase_multi_account_live_schema.sql:151: NOTICE:  relation "live_positions" already exists, skipping
psql:scripts/supabase_multi_account_live_schema.sql:163: NOTICE:  relation "live_account_state" already exists, skipping
schemas loaded
---
1 CHECK(S) FAILED
multi_account_rc=1
────────────
     Summary [  10.067s] 1 test run: 1 passed, 509 skipped
pg_parity_rc=0
PASS: survives persists as true/false, absent key -> SQL NULL
PASS: concurrent retries converge; publication is complete and rollback-atomic
publish_rpc_rc=0
